Usage: ./scripts/tail_http_error_log.php [-c COLS] [-S|-B SIZE|-n LINES] [-f] <file> [filters...]
Error: Unknown option '-Z'
Usage: ./scripts/tail_http_error_log.php [-c COLS] [-S|-B SIZE|-n LINES] [-f] <file> [filters...]
