Usage: ./scripts/tail_http_access_log.php [-c COLS] [-S|-B SIZE|-n LINES] [-W all] [-f] <file> [filters...]
Error: Unknown option '-Z'
Usage: ./scripts/tail_http_access_log.php [-c COLS] [-S|-B SIZE|-n LINES] [-W all] [-f] <file> [filters...]
