
[1m=== 04/Oct/2022 ===[m                                 SSL   STAT SIZE  TIME  PROTOCOL / REQUEST / REFERER / USER AGENT
23:59:01 [33m@[mlocalhost                                PLAIN   [32m200[m   1k   11ms {1.1} [1mGET /[m                        (no referer)  [35mMozilla/5.0 (rbxxxx)[m
23:59:02  10.0.1.1                                 PLAIN   [32m200[m   1k   11ms {1.1} [1mGET /[m                        (no referer)  [35mMozilla/5.0 (rbxxxx)[m
